2023-08-03T08:31:52.9092383Z Requested labels: ubuntu-20.04
2023-08-03T08:31:52.9092704Z Job defined at: MohcineTor/github-action-ci-cd/.github/workflows/python-Flask-app-ci-cd.yml@refs/heads/main
2023-08-03T08:31:52.9092837Z Waiting for a runner to pick up this job...
2023-08-03T08:31:53.4700934Z Job is waiting for a hosted runner to come online.
2023-08-03T08:31:55.9117939Z Job is about to start running on the hosted runner: GitHub Actions 1 (hosted)
2023-08-03T08:31:58.0463020Z Current runner version: '2.307.1'
2023-08-03T08:31:58.0490323Z ##[group]Operating System
2023-08-03T08:31:58.0490922Z Ubuntu
2023-08-03T08:31:58.0491244Z 20.04.6
2023-08-03T08:31:58.0491510Z LTS
2023-08-03T08:31:58.0491922Z ##[endgroup]
2023-08-03T08:31:58.0492298Z ##[group]Runner Image
2023-08-03T08:31:58.0492690Z Image: ubuntu-20.04
2023-08-03T08:31:58.0493057Z Version: 20230728.3.0
2023-08-03T08:31:58.0493669Z Included Software: https://github.com/actions/runner-images/blob/ubuntu20/20230728.3/images/linux/Ubuntu2004-Readme.md
2023-08-03T08:31:58.0494418Z Image Release: https://github.com/actions/runner-images/releases/tag/ubuntu20%2F20230728.3
2023-08-03T08:31:58.0494911Z ##[endgroup]
2023-08-03T08:31:58.0495295Z ##[group]Runner Image Provisioner
2023-08-03T08:31:58.0495699Z 2.0.264.1
2023-08-03T08:31:58.0496037Z ##[endgroup]
2023-08-03T08:31:58.0496701Z ##[group]GITHUB_TOKEN Permissions
2023-08-03T08:31:58.0497306Z Contents: read
2023-08-03T08:31:58.0497703Z Metadata: read
2023-08-03T08:31:58.0498234Z ##[endgroup]
2023-08-03T08:31:58.0503460Z Secret source: Actions
2023-08-03T08:31:58.0504033Z Prepare workflow directory
2023-08-03T08:31:58.1602701Z Prepare all required actions
2023-08-03T08:31:58.1799512Z Getting action download info
2023-08-03T08:31:58.4702885Z Download action repository 'actions/checkout@v3' (SHA:c85c95e3d7251135ab7dc9ce3241c5835cc595a9)
2023-08-03T08:31:59.1807225Z Download action repository 'actions/setup-python@v3' (SHA:3542bca2639a428e1796aaa6a2ffef0c0f575566)
2023-08-03T08:31:59.8016141Z Download action repository 'reecetech/version-increment@2023.4.1' (SHA:1e4c88d87358c7208013b35a58ea4f46b1bd4e3f)
2023-08-03T08:32:00.1813774Z Download action repository 'mr-smithers-excellent/docker-build-push@v6' (SHA:f8f78238603ab7953b961d99dc93ef0701295c60)
2023-08-03T08:32:00.8606599Z Complete job name: test-and-build-ubuntu
2023-08-03T08:32:00.9449382Z ##[group]Run actions/checkout@v3
2023-08-03T08:32:00.9449713Z with:
2023-08-03T08:32:00.9450008Z   repository: MohcineTor/github-action-ci-cd
2023-08-03T08:32:00.9450615Z   token: ***
2023-08-03T08:32:00.9450852Z   ssh-strict: true
2023-08-03T08:32:00.9451124Z   persist-credentials: true
2023-08-03T08:32:00.9451368Z   clean: true
2023-08-03T08:32:00.9451652Z   sparse-checkout-cone-mode: true
2023-08-03T08:32:00.9451932Z   fetch-depth: 1
2023-08-03T08:32:00.9452166Z   lfs: false
2023-08-03T08:32:00.9452396Z   submodules: false
2023-08-03T08:32:00.9452655Z   set-safe-directory: true
2023-08-03T08:32:00.9452901Z env:
2023-08-03T08:32:00.9453241Z   REGISTRY_USER: ***
2023-08-03T08:32:00.9453518Z   REGISTRY_PASS: ***
2023-08-03T08:32:00.9453804Z   IMAGE_NAME: ***
2023-08-03T08:32:00.9454031Z ##[endgroup]
2023-08-03T08:32:01.1897290Z Syncing repository: MohcineTor/github-action-ci-cd
2023-08-03T08:32:01.1899105Z ##[group]Getting Git version info
2023-08-03T08:32:01.1899809Z Working directory is '/home/runner/work/github-action-ci-cd/github-action-ci-cd'
2023-08-03T08:32:01.1902024Z [command]/usr/bin/git version
2023-08-03T08:32:01.1959582Z git version 2.41.0
2023-08-03T08:32:01.1986621Z ##[endgroup]
2023-08-03T08:32:01.2008186Z Temporarily overriding HOME='/home/runner/work/_temp/6a05ae4c-92b6-4d6e-90f2-7d4ccb756034' before making global git config changes
2023-08-03T08:32:01.2008782Z Adding repository directory to the temporary git global config as a safe directory
2023-08-03T08:32:01.2010496Z [command]/usr/bin/git config --global --add safe.directory /home/runner/work/github-action-ci-cd/github-action-ci-cd
2023-08-03T08:32:01.2057864Z Deleting the contents of '/home/runner/work/github-action-ci-cd/github-action-ci-cd'
2023-08-03T08:32:01.2063589Z ##[group]Initializing the repository
2023-08-03T08:32:01.2067635Z [command]/usr/bin/git init /home/runner/work/github-action-ci-cd/github-action-ci-cd
2023-08-03T08:32:01.2138311Z hint: Using 'master' as the name for the initial branch. This default branch name
2023-08-03T08:32:01.2138847Z hint: is subject to change. To configure the initial branch name to use in all
2023-08-03T08:32:01.2139403Z hint: of your new repositories, which will suppress this warning, call:
2023-08-03T08:32:01.2140300Z hint: 
2023-08-03T08:32:01.2140744Z hint: 	git config --global init.defaultBranch <name>
2023-08-03T08:32:01.2141419Z hint: 
2023-08-03T08:32:01.2141856Z hint: Names commonly chosen instead of 'master' are 'main', 'trunk' and
2023-08-03T08:32:01.2142461Z hint: 'development'. The just-created branch can be renamed via this command:
2023-08-03T08:32:01.2142888Z hint: 
2023-08-03T08:32:01.2143529Z hint: 	git branch -m <name>
2023-08-03T08:32:01.2150852Z Initialized empty Git repository in /home/runner/work/github-action-ci-cd/github-action-ci-cd/.git/
2023-08-03T08:32:01.2160598Z [command]/usr/bin/git remote add origin https://github.com/MohcineTor/github-action-ci-cd
2023-08-03T08:32:01.2205337Z ##[endgroup]
2023-08-03T08:32:01.2206098Z ##[group]Disabling automatic garbage collection
2023-08-03T08:32:01.2208723Z [command]/usr/bin/git config --local gc.auto 0
2023-08-03T08:32:01.2242799Z ##[endgroup]
2023-08-03T08:32:01.2243459Z ##[group]Setting up auth
2023-08-03T08:32:01.2249500Z [command]/usr/bin/git config --local --name-only --get-regexp core\.sshCommand
2023-08-03T08:32:01.2285590Z [command]/usr/bin/git submodule foreach --recursive sh -c "git config --local --name-only --get-regexp 'core\.sshCommand' && git config --local --unset-all 'core.sshCommand' || :"
2023-08-03T08:32:01.2638000Z [command]/usr/bin/git config --local --name-only --get-regexp http\.https\:\/\/github\.com\/\.extraheader
2023-08-03T08:32:01.2665831Z [command]/usr/bin/git submodule foreach --recursive sh -c "git config --local --name-only --get-regexp 'http\.https\:\/\/github\.com\/\.extraheader' && git config --local --unset-all 'http.https://github.com/.extraheader' || :"
2023-08-03T08:32:01.2905887Z [command]/usr/bin/git config --local http.https://github.com/.extraheader AUTHORIZATION: basic ***
2023-08-03T08:32:01.2944428Z ##[endgroup]
2023-08-03T08:32:01.2989246Z ##[group]Fetching the repository
2023-08-03T08:32:01.2990307Z [command]/usr/bin/git -c protocol.version=2 fetch --no-tags --prune --progress --no-recurse-submodules --depth=1 origin +6961d9d166b8b81fa5a1c0db4edf176645482042:refs/remotes/origin/main
2023-08-03T08:32:01.7290632Z remote: Enumerating objects: 56, done.        
2023-08-03T08:32:01.7291806Z remote: Counting objects:   1% (1/56)        
2023-08-03T08:32:01.7292997Z remote: Counting objects:   3% (2/56)        
2023-08-03T08:32:01.7295253Z remote: Counting objects:   5% (3/56)        
2023-08-03T08:32:01.7295944Z remote: Counting objects:   7% (4/56)        
2023-08-03T08:32:01.7296405Z remote: Counting objects:   8% (5/56)        
2023-08-03T08:32:01.7296859Z remote: Counting objects:  10% (6/56)        
2023-08-03T08:32:01.7297469Z remote: Counting objects:  12% (7/56)        
2023-08-03T08:32:01.7298146Z remote: Counting objects:  14% (8/56)        
2023-08-03T08:32:01.7298771Z remote: Counting objects:  16% (9/56)        
2023-08-03T08:32:01.7299307Z remote: Counting objects:  17% (10/56)        
2023-08-03T08:32:01.7301219Z remote: Counting objects:  19% (11/56)        
2023-08-03T08:32:01.7301829Z remote: Counting objects:  21% (12/56)        
2023-08-03T08:32:01.7302402Z remote: Counting objects:  23% (13/56)        
2023-08-03T08:32:01.7302964Z remote: Counting objects:  25% (14/56)        
2023-08-03T08:32:01.7303413Z remote: Counting objects:  26% (15/56)        
2023-08-03T08:32:01.7303856Z remote: Counting objects:  28% (16/56)        
2023-08-03T08:32:01.7304298Z remote: Counting objects:  30% (17/56)        
2023-08-03T08:32:01.7304747Z remote: Counting objects:  32% (18/56)        
2023-08-03T08:32:01.7305189Z remote: Counting objects:  33% (19/56)        
2023-08-03T08:32:01.7305697Z remote: Counting objects:  35% (20/56)        
2023-08-03T08:32:01.7307354Z remote: Counting objects:  37% (21/56)        
2023-08-03T08:32:01.7307932Z remote: Counting objects:  39% (22/56)        
2023-08-03T08:32:01.7308381Z remote: Counting objects:  41% (23/56)        
2023-08-03T08:32:01.7308819Z remote: Counting objects:  42% (24/56)        
2023-08-03T08:32:01.7309688Z remote: Counting objects:  44% (25/56)        
2023-08-03T08:32:01.7310127Z remote: Counting objects:  46% (26/56)        
2023-08-03T08:32:01.7310572Z remote: Counting objects:  48% (27/56)        
2023-08-03T08:32:01.7310992Z remote: Counting objects:  50% (28/56)        
2023-08-03T08:32:01.7311524Z remote: Counting objects:  51% (29/56)        
2023-08-03T08:32:01.7311970Z remote: Counting objects:  53% (30/56)        
2023-08-03T08:32:01.7312411Z remote: Counting objects:  55% (31/56)        
2023-08-03T08:32:01.7312837Z remote: Counting objects:  57% (32/56)        
2023-08-03T08:32:01.7313294Z remote: Counting objects:  58% (33/56)        
2023-08-03T08:32:01.7313728Z remote: Counting objects:  60% (34/56)        
2023-08-03T08:32:01.7314152Z remote: Counting objects:  62% (35/56)        
2023-08-03T08:32:01.7314599Z remote: Counting objects:  64% (36/56)        
2023-08-03T08:32:01.7315021Z remote: Counting objects:  66% (37/56)        
2023-08-03T08:32:01.7315445Z remote: Counting objects:  67% (38/56)        
2023-08-03T08:32:01.7315890Z remote: Counting objects:  69% (39/56)        
2023-08-03T08:32:01.7316310Z remote: Counting objects:  71% (40/56)        
2023-08-03T08:32:01.7316736Z remote: Counting objects:  73% (41/56)        
2023-08-03T08:32:01.7317174Z remote: Counting objects:  75% (42/56)        
2023-08-03T08:32:01.7317592Z remote: Counting objects:  76% (43/56)        
2023-08-03T08:32:01.7318013Z remote: Counting objects:  78% (44/56)        
2023-08-03T08:32:01.7318544Z remote: Counting objects:  80% (45/56)        
2023-08-03T08:32:01.7318980Z remote: Counting objects:  82% (46/56)        
2023-08-03T08:32:01.7319401Z remote: Counting objects:  83% (47/56)        
2023-08-03T08:32:01.7319852Z remote: Counting objects:  85% (48/56)        
2023-08-03T08:32:01.7320525Z remote: Counting objects:  87% (49/56)        
2023-08-03T08:32:01.7320963Z remote: Counting objects:  89% (50/56)        
2023-08-03T08:32:01.7321384Z remote: Counting objects:  91% (51/56)        
2023-08-03T08:32:01.7321837Z remote: Counting objects:  92% (52/56)        
2023-08-03T08:32:01.7322251Z remote: Counting objects:  94% (53/56)        
2023-08-03T08:32:01.7322668Z remote: Counting objects:  96% (54/56)        
2023-08-03T08:32:01.7323085Z remote: Counting objects:  98% (55/56)        
2023-08-03T08:32:01.7323525Z remote: Counting objects: 100% (56/56)        
2023-08-03T08:32:01.7323973Z remote: Counting objects: 100% (56/56), done.        
2023-08-03T08:32:01.7324457Z remote: Compressing objects:   1% (1/54)        
2023-08-03T08:32:01.7324921Z remote: Compressing objects:   3% (2/54)        
2023-08-03T08:32:01.7325400Z remote: Compressing objects:   5% (3/54)        
2023-08-03T08:32:01.7325849Z remote: Compressing objects:   7% (4/54)        
2023-08-03T08:32:01.7326284Z remote: Compressing objects:   9% (5/54)        
2023-08-03T08:32:01.7326731Z remote: Compressing objects:  11% (6/54)        
2023-08-03T08:32:01.7327177Z remote: Compressing objects:  12% (7/54)        
2023-08-03T08:32:01.7327661Z remote: Compressing objects:  14% (8/54)        
2023-08-03T08:32:01.7460247Z remote: Compressing objects:  16% (9/54)        
2023-08-03T08:32:01.7461208Z remote: Compressing objects:  18% (10/54)        
2023-08-03T08:32:01.7461679Z remote: Compressing objects:  20% (11/54)        
2023-08-03T08:32:01.7462083Z remote: Compressing objects:  22% (12/54)        
2023-08-03T08:32:01.7462530Z remote: Compressing objects:  24% (13/54)        
2023-08-03T08:32:01.7462925Z remote: Compressing objects:  25% (14/54)        
2023-08-03T08:32:01.7463319Z remote: Compressing objects:  27% (15/54)        
2023-08-03T08:32:01.7463707Z remote: Compressing objects:  29% (16/54)        
2023-08-03T08:32:01.7464111Z remote: Compressing objects:  31% (17/54)        
2023-08-03T08:32:01.7464515Z remote: Compressing objects:  33% (18/54)        
2023-08-03T08:32:01.7464920Z remote: Compressing objects:  35% (19/54)        
2023-08-03T08:32:01.7465307Z remote: Compressing objects:  37% (20/54)        
2023-08-03T08:32:01.7466087Z remote: Compressing objects:  38% (21/54)        
2023-08-03T08:32:01.7466473Z remote: Compressing objects:  40% (22/54)        
2023-08-03T08:32:01.7466851Z remote: Compressing objects:  42% (23/54)        
2023-08-03T08:32:01.7467229Z remote: Compressing objects:  44% (24/54)        
2023-08-03T08:32:01.7467615Z remote: Compressing objects:  46% (25/54)        
2023-08-03T08:32:01.7468010Z remote: Compressing objects:  48% (26/54)        
2023-08-03T08:32:01.7468412Z remote: Compressing objects:  50% (27/54)        
2023-08-03T08:32:01.7468777Z remote: Compressing objects:  51% (28/54)        
2023-08-03T08:32:01.7469171Z remote: Compressing objects:  53% (29/54)        
2023-08-03T08:32:01.7469553Z remote: Compressing objects:  55% (30/54)        
2023-08-03T08:32:01.7469941Z remote: Compressing objects:  57% (31/54)        
2023-08-03T08:32:01.7470339Z remote: Compressing objects:  59% (32/54)        
2023-08-03T08:32:01.7470737Z remote: Compressing objects:  61% (33/54)        
2023-08-03T08:32:01.7471128Z remote: Compressing objects:  62% (34/54)        
2023-08-03T08:32:01.7471507Z remote: Compressing objects:  64% (35/54)        
2023-08-03T08:32:01.7471890Z remote: Compressing objects:  66% (36/54)        
2023-08-03T08:32:01.7472273Z remote: Compressing objects:  68% (37/54)        
2023-08-03T08:32:01.7472655Z remote: Compressing objects:  70% (38/54)        
2023-08-03T08:32:01.7473034Z remote: Compressing objects:  72% (39/54)        
2023-08-03T08:32:01.7473433Z remote: Compressing objects:  74% (40/54)        
2023-08-03T08:32:01.7473811Z remote: Compressing objects:  75% (41/54)        
2023-08-03T08:32:01.7474189Z remote: Compressing objects:  77% (42/54)        
2023-08-03T08:32:01.7474568Z remote: Compressing objects:  79% (43/54)        
2023-08-03T08:32:01.7475078Z remote: Compressing objects:  81% (44/54)        
2023-08-03T08:32:01.7475474Z remote: Compressing objects:  83% (45/54)        
2023-08-03T08:32:01.7475852Z remote: Compressing objects:  85% (46/54)        
2023-08-03T08:32:01.7476243Z remote: Compressing objects:  87% (47/54)        
2023-08-03T08:32:01.7476624Z remote: Compressing objects:  88% (48/54)        
2023-08-03T08:32:01.7477009Z remote: Compressing objects:  90% (49/54)        
2023-08-03T08:32:01.7477390Z remote: Compressing objects:  92% (50/54)        
2023-08-03T08:32:01.7477768Z remote: Compressing objects:  94% (51/54)        
2023-08-03T08:32:01.7478147Z remote: Compressing objects:  96% (52/54)        
2023-08-03T08:32:01.7478514Z remote: Compressing objects:  98% (53/54)        
2023-08-03T08:32:01.7478901Z remote: Compressing objects: 100% (54/54)        
2023-08-03T08:32:01.7479302Z remote: Compressing objects: 100% (54/54), done.        
2023-08-03T08:32:01.8039655Z remote: Total 56 (delta 0), reused 50 (delta 0), pack-reused 0        
2023-08-03T08:32:01.8094058Z From https://github.com/MohcineTor/github-action-ci-cd
2023-08-03T08:32:01.8094843Z  * [new ref]         6961d9d166b8b81fa5a1c0db4edf176645482042 -> origin/main
2023-08-03T08:32:01.8121222Z ##[endgroup]
2023-08-03T08:32:01.8121955Z ##[group]Determining the checkout info
2023-08-03T08:32:01.8122869Z ##[endgroup]
2023-08-03T08:32:01.8123576Z ##[group]Checking out the ref
2023-08-03T08:32:01.8128088Z [command]/usr/bin/git checkout --progress --force -B main refs/remotes/origin/main
2023-08-03T08:32:01.8212875Z Switched to a new branch 'main'
2023-08-03T08:32:01.8217035Z branch 'main' set up to track 'origin/main'.
2023-08-03T08:32:01.8226521Z ##[endgroup]
2023-08-03T08:32:01.8274444Z [command]/usr/bin/git log -1 --format='%H'
2023-08-03T08:32:01.8305269Z '6961d9d166b8b81fa5a1c0db4edf176645482042'
2023-08-03T08:32:01.8585458Z ##[group]Run actions/setup-python@v3
2023-08-03T08:32:01.8585781Z with:
2023-08-03T08:32:01.8586090Z   python-version: 3.9
2023-08-03T08:32:01.8586621Z   token: ***
2023-08-03T08:32:01.8586952Z env:
2023-08-03T08:32:01.8587333Z   REGISTRY_USER: ***
2023-08-03T08:32:01.8587688Z   REGISTRY_PASS: ***
2023-08-03T08:32:01.8588057Z   IMAGE_NAME: ***
2023-08-03T08:32:01.8588583Z ##[endgroup]
2023-08-03T08:32:02.0258686Z Successfully setup CPython (3.9.17)
2023-08-03T08:32:02.0406193Z ##[group]Run reecetech/version-increment@2023.4.1
2023-08-03T08:32:02.0406590Z with:
2023-08-03T08:32:02.0406880Z   scheme: semver
2023-08-03T08:32:02.0407207Z   increment: patch
2023-08-03T08:32:02.0407549Z   pep440: false
2023-08-03T08:32:02.0407832Z env:
2023-08-03T08:32:02.0408307Z   REGISTRY_USER: ***
2023-08-03T08:32:02.0408672Z   REGISTRY_PASS: ***
2023-08-03T08:32:02.0409084Z   IMAGE_NAME: ***
2023-08-03T08:32:02.0409471Z   pythonLocation: /opt/hostedtoolcache/Python/3.9.17/x64
2023-08-03T08:32:02.0409926Z   LD_LIBRARY_PATH: /opt/hostedtoolcache/Python/3.9.17/x64/lib
2023-08-03T08:32:02.0410306Z ##[endgroup]
2023-08-03T08:32:02.0795868Z ##[group]Run /home/runner/work/_actions/reecetech/version-increment/2023.4.1/version-lookup.sh
2023-08-03T08:32:02.0796410Z [36;1m/home/runner/work/_actions/reecetech/version-increment/2023.4.1/version-lookup.sh[0m
2023-08-03T08:32:02.0855165Z shell: /usr/bin/bash --noprofile --norc -e -o pipefail {0}
2023-08-03T08:32:02.0855512Z env:
2023-08-03T08:32:02.0856009Z   REGISTRY_USER: ***
2023-08-03T08:32:02.0856295Z   REGISTRY_PASS: ***
2023-08-03T08:32:02.0856610Z   IMAGE_NAME: ***
2023-08-03T08:32:02.0856931Z   pythonLocation: /opt/hostedtoolcache/Python/3.9.17/x64
2023-08-03T08:32:02.0857331Z   LD_LIBRARY_PATH: /opt/hostedtoolcache/Python/3.9.17/x64/lib
2023-08-03T08:32:02.0857633Z   scheme: semver
2023-08-03T08:32:02.0857851Z ##[endgroup]
2023-08-03T08:32:02.5869031Z ⚠️ No previous release version identified in git tags
2023-08-03T08:32:02.5869941Z ℹ️ The current normal version is 0.0.0
2023-08-03T08:32:02.5924194Z ##[group]Run /home/runner/work/_actions/reecetech/version-increment/2023.4.1/version-increment.sh
2023-08-03T08:32:02.5924714Z [36;1m/home/runner/work/_actions/reecetech/version-increment/2023.4.1/version-increment.sh[0m
2023-08-03T08:32:02.5977904Z shell: /usr/bin/bash --noprofile --norc -e -o pipefail {0}
2023-08-03T08:32:02.5978207Z env:
2023-08-03T08:32:02.5978804Z   REGISTRY_USER: ***
2023-08-03T08:32:02.5979128Z   REGISTRY_PASS: ***
2023-08-03T08:32:02.5979427Z   IMAGE_NAME: ***
2023-08-03T08:32:02.5979747Z   pythonLocation: /opt/hostedtoolcache/Python/3.9.17/x64
2023-08-03T08:32:02.5980131Z   LD_LIBRARY_PATH: /opt/hostedtoolcache/Python/3.9.17/x64/lib
2023-08-03T08:32:02.5980431Z   current_version: 0.0.0
2023-08-03T08:32:02.5980686Z   increment: patch
2023-08-03T08:32:02.5981057Z   pep440: false
2023-08-03T08:32:02.5981292Z   scheme: semver
2023-08-03T08:32:02.5981524Z ##[endgroup]
2023-08-03T08:32:03.2210371Z ℹ️ The new version is 0.0.1
2023-08-03T08:32:03.2333390Z ##[group]Run echo "VERSION=0.0.1" >> $GITHUB_ENV
2023-08-03T08:32:03.2333750Z [36;1mecho "VERSION=0.0.1" >> $GITHUB_ENV[0m
2023-08-03T08:32:03.2386728Z shell: /usr/bin/bash -e {0}
2023-08-03T08:32:03.2386995Z env:
2023-08-03T08:32:03.2387328Z   REGISTRY_USER: ***
2023-08-03T08:32:03.2387606Z   REGISTRY_PASS: ***
2023-08-03T08:32:03.2387922Z   IMAGE_NAME: ***
2023-08-03T08:32:03.2388275Z   pythonLocation: /opt/hostedtoolcache/Python/3.9.17/x64
2023-08-03T08:32:03.2388706Z   LD_LIBRARY_PATH: /opt/hostedtoolcache/Python/3.9.17/x64/lib
2023-08-03T08:32:03.2388994Z ##[endgroup]
2023-08-03T08:32:03.2495725Z ##[group]Run sudo apt-get update && sudo apt-get install make
2023-08-03T08:32:03.2496171Z [36;1msudo apt-get update && sudo apt-get install make[0m
2023-08-03T08:32:03.2553652Z shell: /usr/bin/bash -e {0}
2023-08-03T08:32:03.2553925Z env:
2023-08-03T08:32:03.2554276Z   REGISTRY_USER: ***
2023-08-03T08:32:03.2554598Z   REGISTRY_PASS: ***
2023-08-03T08:32:03.2554912Z   IMAGE_NAME: ***
2023-08-03T08:32:03.2555244Z   pythonLocation: /opt/hostedtoolcache/Python/3.9.17/x64
2023-08-03T08:32:03.2555654Z   LD_LIBRARY_PATH: /opt/hostedtoolcache/Python/3.9.17/x64/lib
2023-08-03T08:32:03.2555977Z   VERSION: 0.0.1
2023-08-03T08:32:03.2556226Z ##[endgroup]
2023-08-03T08:32:03.4542150Z Hit:1 http://azure.archive.ubuntu.com/ubuntu focal InRelease
2023-08-03T08:32:03.4543247Z Get:2 http://azure.archive.ubuntu.com/ubuntu focal-updates InRelease [114 kB]
2023-08-03T08:32:03.4779802Z Get:3 http://azure.archive.ubuntu.com/ubuntu focal-backports InRelease [108 kB]
2023-08-03T08:32:03.4780544Z Get:4 http://azure.archive.ubuntu.com/ubuntu focal-security InRelease [114 kB]
2023-08-03T08:32:03.4781334Z Get:5 https://packages.microsoft.com/ubuntu/20.04/prod focal InRelease [3611 B]
2023-08-03T08:32:03.6450656Z Get:6 http://archive.ubuntu.com/ubuntu focal InRelease [265 kB]
2023-08-03T08:32:03.6862799Z Get:7 http://security.ubuntu.com/ubuntu focal-security InRelease [114 kB]
2023-08-03T08:32:03.7435881Z Get:8 http://azure.archive.ubuntu.com/ubuntu focal-updates/main amd64 Packages [2734 kB]
2023-08-03T08:32:03.7738545Z Hit:9 http://ppa.launchpad.net/ubuntu-toolchain-r/test/ubuntu focal InRelease
2023-08-03T08:32:03.7751704Z Get:10 http://azure.archive.ubuntu.com/ubuntu focal-updates/main amd64 c-n-f Metadata [16.9 kB]
2023-08-03T08:32:03.7844149Z Get:11 http://azure.archive.ubuntu.com/ubuntu focal-updates/restricted amd64 Packages [2143 kB]
2023-08-03T08:32:03.7989447Z Get:12 http://azure.archive.ubuntu.com/ubuntu focal-updates/restricted Translation-en [300 kB]
2023-08-03T08:32:03.8028031Z Get:13 http://azure.archive.ubuntu.com/ubuntu focal-updates/restricted amd64 c-n-f Metadata [576 B]
2023-08-03T08:32:03.8084470Z Get:14 http://azure.archive.ubuntu.com/ubuntu focal-updates/universe amd64 Packages [1094 kB]
2023-08-03T08:32:03.8182853Z Get:15 http://azure.archive.ubuntu.com/ubuntu focal-updates/universe Translation-en [260 kB]
2023-08-03T08:32:03.8239194Z Get:16 http://azure.archive.ubuntu.com/ubuntu focal-updates/universe amd64 c-n-f Metadata [25.3 kB]
2023-08-03T08:32:04.0304260Z Get:17 http://azure.archive.ubuntu.com/ubuntu focal-security/main amd64 Packages [2340 kB]
2023-08-03T08:32:04.0626323Z Get:18 http://azure.archive.ubuntu.com/ubuntu focal-security/main Translation-en [370 kB]
2023-08-03T08:32:04.1215500Z Get:19 http://azure.archive.ubuntu.com/ubuntu focal-security/main amd64 c-n-f Metadata [13.0 kB]
2023-08-03T08:32:04.1250967Z Get:20 http://azure.archive.ubuntu.com/ubuntu focal-security/universe amd64 Packages [866 kB]
2023-08-03T08:32:04.1251702Z Get:21 https://packages.microsoft.com/ubuntu/20.04/prod focal/main arm64 Packages [45.9 kB]
2023-08-03T08:32:04.1278372Z Get:22 https://packages.microsoft.com/ubuntu/20.04/prod focal/main amd64 Packages [218 kB]
2023-08-03T08:32:04.1329971Z Get:23 https://packages.microsoft.com/ubuntu/20.04/prod focal/main armhf Packages [15.6 kB]
2023-08-03T08:32:04.1336531Z Get:24 http://azure.archive.ubuntu.com/ubuntu focal-security/universe Translation-en [180 kB]
2023-08-03T08:32:04.1372676Z Get:25 http://azure.archive.ubuntu.com/ubuntu focal-security/universe amd64 c-n-f Metadata [18.8 kB]
2023-08-03T08:32:04.2688504Z Get:26 http://archive.ubuntu.com/ubuntu focal-updates InRelease [114 kB]
2023-08-03T08:32:04.5321690Z Get:27 http://security.ubuntu.com/ubuntu focal-security/main amd64 Packages [2340 kB]
2023-08-03T08:32:04.6416575Z Get:28 http://archive.ubuntu.com/ubuntu focal/main amd64 Packages [970 kB]
2023-08-03T08:32:05.0083326Z Get:29 http://archive.ubuntu.com/ubuntu focal/main Translation-en [506 kB]
2023-08-03T08:32:05.1577932Z Get:30 http://archive.ubuntu.com/ubuntu focal/main amd64 c-n-f Metadata [29.5 kB]
2023-08-03T08:32:05.1703371Z Get:31 http://security.ubuntu.com/ubuntu focal-security/main Translation-en [370 kB]
2023-08-03T08:32:05.2710178Z Get:32 http://archive.ubuntu.com/ubuntu focal/restricted amd64 Packages [22.0 kB]
2023-08-03T08:32:05.2937376Z Get:33 http://security.ubuntu.com/ubuntu focal-security/main amd64 c-n-f Metadata [13.0 kB]
2023-08-03T08:32:05.3839009Z Get:34 http://archive.ubuntu.com/ubuntu focal/restricted Translation-en [6212 B]
2023-08-03T08:32:05.4062026Z Get:35 http://security.ubuntu.com/ubuntu focal-security/restricted amd64 Packages [2031 kB]
2023-08-03T08:32:05.4954828Z Get:36 http://archive.ubuntu.com/ubuntu focal/restricted amd64 c-n-f Metadata [392 B]
2023-08-03T08:32:05.5854554Z Get:37 http://security.ubuntu.com/ubuntu focal-security/restricted Translation-en [285 kB]
2023-08-03T08:32:05.6072777Z Get:38 http://archive.ubuntu.com/ubuntu focal-updates/main amd64 Packages [2734 kB]
2023-08-03T08:32:05.7075340Z Get:39 http://security.ubuntu.com/ubuntu focal-security/restricted amd64 c-n-f Metadata [576 B]
2023-08-03T08:32:05.8192695Z Get:40 http://security.ubuntu.com/ubuntu focal-security/universe amd64 Packages [866 kB]
2023-08-03T08:32:05.9184742Z Get:41 http://archive.ubuntu.com/ubuntu focal-updates/main Translation-en [453 kB]
2023-08-03T08:32:05.9556826Z Get:42 http://security.ubuntu.com/ubuntu focal-security/universe Translation-en [180 kB]
2023-08-03T08:32:06.0404172Z Get:43 http://archive.ubuntu.com/ubuntu focal-updates/main amd64 c-n-f Metadata [16.9 kB]
2023-08-03T08:32:06.0720071Z Get:44 http://security.ubuntu.com/ubuntu focal-security/universe amd64 c-n-f Metadata [18.8 kB]
2023-08-03T08:32:06.1845801Z Get:45 http://security.ubuntu.com/ubuntu focal-security/multiverse amd64 Packages [23.6 kB]
2023-08-03T08:32:06.2641820Z Get:46 http://archive.ubuntu.com/ubuntu focal-updates/restricted amd64 Packages [2142 kB]
2023-08-03T08:32:06.4106668Z Get:47 http://security.ubuntu.com/ubuntu focal-security/multiverse Translation-en [5504 B]
2023-08-03T08:32:06.5240019Z Get:48 http://security.ubuntu.com/ubuntu focal-security/multiverse amd64 c-n-f Metadata [548 B]
2023-08-03T08:32:07.2263813Z Get:49 http://archive.ubuntu.com/ubuntu focal-updates/restricted Translation-en [300 kB]
2023-08-03T08:32:07.3479556Z Get:50 http://archive.ubuntu.com/ubuntu focal-updates/restricted amd64 c-n-f Metadata [576 B]
2023-08-03T08:32:14.0582213Z Fetched 24.8 MB in 4s (5981 kB/s)
2023-08-03T08:32:15.4113624Z Reading package lists...
2023-08-03T08:32:15.5173025Z Reading package lists...
2023-08-03T08:32:15.7306767Z Building dependency tree...
2023-08-03T08:32:15.7323881Z Reading state information...
2023-08-03T08:32:15.9251041Z make is already the newest version (4.2.1-1.2).
2023-08-03T08:32:15.9251882Z 0 upgraded, 0 newly installed, 0 to remove and 34 not upgraded.
2023-08-03T08:32:15.9289721Z ##[group]Run make venv
2023-08-03T08:32:15.9289991Z [36;1mmake venv[0m
2023-08-03T08:32:15.9342661Z shell: /usr/bin/bash -e {0}
2023-08-03T08:32:15.9342928Z env:
2023-08-03T08:32:15.9343299Z   REGISTRY_USER: ***
2023-08-03T08:32:15.9343575Z   REGISTRY_PASS: ***
2023-08-03T08:32:15.9343996Z   IMAGE_NAME: ***
2023-08-03T08:32:15.9344313Z   pythonLocation: /opt/hostedtoolcache/Python/3.9.17/x64
2023-08-03T08:32:15.9344694Z   LD_LIBRARY_PATH: /opt/hostedtoolcache/Python/3.9.17/x64/lib
2023-08-03T08:32:15.9344996Z   VERSION: 0.0.1
2023-08-03T08:32:15.9345226Z ##[endgroup]
2023-08-03T08:32:15.9458610Z python3 -m venv src/.venv
2023-08-03T08:32:19.7154802Z . src/.venv/bin/activate; pip install -Ur src/requirements.txt
2023-08-03T08:32:20.2693360Z Collecting Flask==2.1.0
2023-08-03T08:32:20.3111174Z   Downloading Flask-2.1.0-py3-none-any.whl (95 kB)
2023-08-03T08:32:20.3286799Z      ━━━━━━━━━━━━━━━━━━━━━━━━━━━━━━━━━━━━━━━━ 95.2/95.2 kB 6.0 MB/s eta 0:00:00
2023-08-03T08:32:20.3579211Z Collecting py-cpuinfo==7.0.0
2023-08-03T08:32:20.3714319Z   Downloading py-cpuinfo-7.0.0.tar.gz (95 kB)
2023-08-03T08:32:20.3769676Z      ━━━━━━━━━━━━━━━━━━━━━━━━━━━━━━━━━━━━━━━━ 95.9/95.9 kB 28.8 MB/s eta 0:00:00
2023-08-03T08:32:20.3970222Z   Preparing metadata (setup.py): started
2023-08-03T08:32:20.6157387Z   Preparing metadata (setup.py): finished with status 'done'
2023-08-03T08:32:20.8105876Z Collecting psutil==5.8.0
2023-08-03T08:32:20.8237169Z   Downloading psutil-5.8.0-cp39-cp39-manylinux2010_x86_64.whl (293 kB)
2023-08-03T08:32:20.8363660Z      ━━━━━━━━━━━━━━━━━━━━━━━━━━━━━━━━━━━━━━ 293.5/293.5 kB 30.0 MB/s eta 0:00:00
2023-08-03T08:32:20.8772044Z Collecting gunicorn==20.1.0
2023-08-03T08:32:20.8890934Z   Downloading gunicorn-20.1.0-py3-none-any.whl (79 kB)
2023-08-03T08:32:20.8945721Z      ━━━━━━━━━━━━━━━━━━━━━━━━━━━━━━━━━━━━━━━━ 79.5/79.5 kB 24.2 MB/s eta 0:00:00
2023-08-03T08:32:20.9676012Z Collecting black==20.8b1
2023-08-03T08:32:20.9825563Z   Downloading black-20.8b1.tar.gz (1.1 MB)
2023-08-03T08:32:21.0016917Z      ━━━━━━━━━━━━━━━━━━━━━━━━━━━━━━━━━━━━━━━━ 1.1/1.1 MB 66.3 MB/s eta 0:00:00
2023-08-03T08:32:21.1002276Z   Installing build dependencies: started
2023-08-03T08:32:23.3872412Z   Installing build dependencies: finished with status 'done'
2023-08-03T08:32:23.3885385Z   Getting requirements to build wheel: started
2023-08-03T08:32:23.5631110Z   Getting requirements to build wheel: finished with status 'done'
2023-08-03T08:32:23.5673188Z   Preparing metadata (pyproject.toml): started
2023-08-03T08:32:24.5262922Z   Preparing metadata (pyproject.toml): finished with status 'done'
2023-08-03T08:32:24.5865986Z Collecting flake8==3.9.0
2023-08-03T08:32:24.5999244Z   Downloading flake8-3.9.0-py2.py3-none-any.whl (73 kB)
2023-08-03T08:32:24.6058994Z      ━━━━━━━━━━━━━━━━━━━━━━━━━━━━━━━━━━━━━━━━ 73.1/73.1 kB 23.0 MB/s eta 0:00:00
2023-08-03T08:32:24.7035287Z Collecting pytest==6.2.2
2023-08-03T08:32:24.7172700Z   Downloading pytest-6.2.2-py3-none-any.whl (280 kB)
2023-08-03T08:32:24.7245041Z      ━━━━━━━━━━━━━━━━━━━━━━━━━━━━━━━━━━━━━━ 280.1/280.1 kB 63.9 MB/s eta 0:00:00
2023-08-03T08:32:24.7623921Z Collecting itsdangerous>=2.0
2023-08-03T08:32:24.7740773Z   Downloading itsdangerous-2.1.2-py3-none-any.whl (15 kB)
2023-08-03T08:32:24.8644302Z Collecting importlib-metadata
2023-08-03T08:32:24.8762185Z   Downloading importlib_metadata-6.8.0-py3-none-any.whl (22 kB)
2023-08-03T08:32:24.9981872Z Collecting click>=8.0
2023-08-03T08:32:25.0100623Z   Downloading click-8.1.6-py3-none-any.whl (97 kB)
2023-08-03T08:32:25.0155640Z      ━━━━━━━━━━━━━━━━━━━━━━━━━━━━━━━━━━━━━━━━ 97.9/97.9 kB 31.4 MB/s eta 0:00:00
2023-08-03T08:32:25.0545227Z Collecting Jinja2>=3.0
2023-08-03T08:32:25.0666757Z   Downloading Jinja2-3.1.2-py3-none-any.whl (133 kB)
2023-08-03T08:32:25.0728987Z      ━━━━━━━━━━━━━━━━━━━━━━━━━━━━━━━━━━━━━━ 133.1/133.1 kB 40.1 MB/s eta 0:00:00
2023-08-03T08:32:25.1275121Z Collecting Werkzeug>=2.0
2023-08-03T08:32:25.1408751Z   Downloading Werkzeug-2.3.6-py3-none-any.whl (242 kB)
2023-08-03T08:32:25.1481088Z      ━━━━━━━━━━━━━━━━━━━━━━━━━━━━━━━━━━━━━━ 242.5/242.5 kB 56.3 MB/s eta 0:00:00
2023-08-03T08:32:25.1704173Z Requirement already satisfied: setuptools>=3.0 in ./src/.venv/lib/python3.9/site-packages (from gunicorn==20.1.0->-r src/requirements.txt (line 4)) (58.1.0)
2023-08-03T08:32:25.2127926Z Collecting pathspec<1,>=0.6
2023-08-03T08:32:25.2250189Z   Downloading pathspec-0.11.2-py3-none-any.whl (29 kB)
2023-08-03T08:32:25.2641896Z Collecting typing-extensions>=3.7.4
2023-08-03T08:32:25.2663611Z   Using cached typing_extensions-4.7.1-py3-none-any.whl (33 kB)
2023-08-03T08:32:26.1133935Z Collecting regex>=2020.1.8
2023-08-03T08:32:26.1280279Z   Downloading regex-2023.6.3-cp39-cp39-manylinux_2_17_x86_64.manylinux2014_x86_64.whl (769 kB)
2023-08-03T08:32:26.1395661Z      ━━━━━━━━━━━━━━━━━━━━━━━━━━━━━━━━━━━━━━ 769.9/769.9 kB 87.8 MB/s eta 0:00:00
2023-08-03T08:32:26.1724962Z Collecting toml>=0.10.1
2023-08-03T08:32:26.1840871Z   Downloading toml-0.10.2-py2.py3-none-any.whl (16 kB)
2023-08-03T08:32:26.2105432Z Collecting mypy-extensions>=0.4.3
2023-08-03T08:32:26.2222040Z   Downloading mypy_extensions-1.0.0-py3-none-any.whl (4.7 kB)
2023-08-03T08:32:26.2464027Z Collecting appdirs
2023-08-03T08:32:26.2579621Z   Downloading appdirs-1.4.4-py2.py3-none-any.whl (9.6 kB)
2023-08-03T08:32:26.3742551Z Collecting typed-ast>=1.4.0
2023-08-03T08:32:26.3880399Z   Downloading typed_ast-1.5.5-cp39-cp39-manylinux_2_17_x86_64.manylinux2014_x86_64.whl (823 kB)
2023-08-03T08:32:26.3999739Z      ━━━━━━━━━━━━━━━━━━━━━━━━━━━━━━━━━━━━━━ 823.4/823.4 kB 93.5 MB/s eta 0:00:00
2023-08-03T08:32:26.4413452Z Collecting mccabe<0.7.0,>=0.6.0
2023-08-03T08:32:26.4533053Z   Downloading mccabe-0.6.1-py2.py3-none-any.whl (8.6 kB)
2023-08-03T08:32:26.4912532Z Collecting pyflakes<2.4.0,>=2.3.0
2023-08-03T08:32:26.5030563Z   Downloading pyflakes-2.3.1-py2.py3-none-any.whl (68 kB)
2023-08-03T08:32:26.5077437Z      ━━━━━━━━━━━━━━━━━━━━━━━━━━━━━━━━━━━━━━━━ 68.8/68.8 kB 27.8 MB/s eta 0:00:00
2023-08-03T08:32:26.5384672Z Collecting pycodestyle<2.8.0,>=2.7.0
2023-08-03T08:32:26.5503503Z   Downloading pycodestyle-2.7.0-py2.py3-none-any.whl (41 kB)
2023-08-03T08:32:26.5555896Z      ━━━━━━━━━━━━━━━━━━━━━━━━━━━━━━━━━━━━━━━━ 41.7/41.7 kB 13.0 MB/s eta 0:00:00
2023-08-03T08:32:26.6137694Z Collecting packaging
2023-08-03T08:32:26.6165655Z   Using cached packaging-23.1-py3-none-any.whl (48 kB)
2023-08-03T08:32:26.6554488Z Collecting py>=1.8.2
2023-08-03T08:32:26.6672482Z   Downloading py-1.11.0-py2.py3-none-any.whl (98 kB)
2023-08-03T08:32:26.6724251Z      ━━━━━━━━━━━━━━━━━━━━━━━━━━━━━━━━━━━━━━━━ 98.7/98.7 kB 34.4 MB/s eta 0:00:00
2023-08-03T08:32:26.7080555Z Collecting pluggy<1.0.0a1,>=0.12
2023-08-03T08:32:26.7197364Z   Downloading pluggy-0.13.1-py2.py3-none-any.whl (18 kB)
2023-08-03T08:32:26.7455171Z Collecting iniconfig
2023-08-03T08:32:26.7573458Z   Downloading iniconfig-2.0.0-py3-none-any.whl (5.9 kB)
2023-08-03T08:32:26.7954762Z Collecting attrs>=19.2.0
2023-08-03T08:32:26.8073939Z   Downloading attrs-23.1.0-py3-none-any.whl (61 kB)
2023-08-03T08:32:26.8127166Z      ━━━━━━━━━━━━━━━━━━━━━━━━━━━━━━━━━━━━━━━━ 61.2/61.2 kB 19.6 MB/s eta 0:00:00
2023-08-03T08:32:26.9460643Z Collecting MarkupSafe>=2.0
2023-08-03T08:32:26.9582982Z   Downloading MarkupSafe-2.1.3-cp39-cp39-manylinux_2_17_x86_64.manylinux2014_x86_64.whl (25 kB)
2023-08-03T08:32:27.0953316Z Collecting zipp>=0.5
2023-08-03T08:32:27.1070574Z   Downloading zipp-3.16.2-py3-none-any.whl (7.2 kB)
2023-08-03T08:32:27.1828824Z Building wheels for collected packages: black
2023-08-03T08:32:27.1838098Z   Building wheel for black (pyproject.toml): started
2023-08-03T08:32:27.5344995Z   Building wheel for black (pyproject.toml): finished with status 'done'
2023-08-03T08:32:27.5360148Z   Created wheel for black: filename=black-20.8b1-py3-none-any.whl size=124175 sha256=9f80a0d0e5dba890592477911f90dd9773c547c128b1fecf92608a0094fc51f7
2023-08-03T08:32:27.5362330Z   Stored in directory: /home/runner/.cache/pip/wheels/4e/57/9a/e704bdd859ee892dc46fff03fd499422dc9e99fd9bd5c446d3
2023-08-03T08:32:27.5415939Z Successfully built black
2023-08-03T08:32:27.6800413Z Installing collected packages: py-cpuinfo, mccabe, appdirs, zipp, typing-extensions, typed-ast, toml, regex, pyflakes, pycodestyle, py, psutil, pluggy, pathspec, packaging, mypy-extensions, MarkupSafe, itsdangerous, iniconfig, gunicorn, click, attrs, Werkzeug, pytest, Jinja2, importlib-metadata, flake8, black, Flask
2023-08-03T08:32:27.6818253Z   DEPRECATION: py-cpuinfo is being installed using the legacy 'setup.py install' method, because it does not have a 'pyproject.toml' and the 'wheel' package is not installed. pip 23.1 will enforce this behaviour change. A possible replacement is to enable the '--use-pep517' option. Discussion can be found at https://github.com/pypa/pip/issues/8559
2023-08-03T08:32:27.6821763Z   Running setup.py install for py-cpuinfo: started
2023-08-03T08:32:27.9224584Z   Running setup.py install for py-cpuinfo: finished with status 'done'
2023-08-03T08:32:29.3225005Z Successfully installed Flask-2.1.0 Jinja2-3.1.2 MarkupSafe-2.1.3 Werkzeug-2.3.6 appdirs-1.4.4 attrs-23.1.0 black-20.8b1 click-8.1.6 flake8-3.9.0 gunicorn-20.1.0 importlib-metadata-6.8.0 iniconfig-2.0.0 itsdangerous-2.1.2 mccabe-0.6.1 mypy-extensions-1.0.0 packaging-23.1 pathspec-0.11.2 pluggy-0.13.1 psutil-5.8.0 py-1.11.0 py-cpuinfo-7.0.0 pycodestyle-2.7.0 pyflakes-2.3.1 pytest-6.2.2 regex-2023.6.3 toml-0.10.2 typed-ast-1.5.5 typing-extensions-4.7.1 zipp-3.16.2
2023-08-03T08:32:29.3916260Z 
2023-08-03T08:32:29.3916812Z [notice] A new release of pip is available: 23.0.1 -> 23.2.1
2023-08-03T08:32:29.3917351Z [notice] To update, run: pip install --upgrade pip
2023-08-03T08:32:29.5673893Z touch src/.venv/touchfile
2023-08-03T08:32:29.5712343Z ##[group]Run make test
2023-08-03T08:32:29.5712614Z [36;1mmake test[0m
2023-08-03T08:32:29.5763880Z shell: /usr/bin/bash -e {0}
2023-08-03T08:32:29.5764141Z env:
2023-08-03T08:32:29.5764439Z   REGISTRY_USER: ***
2023-08-03T08:32:29.5764717Z   REGISTRY_PASS: ***
2023-08-03T08:32:29.5765008Z   IMAGE_NAME: ***
2023-08-03T08:32:29.5765329Z   pythonLocation: /opt/hostedtoolcache/Python/3.9.17/x64
2023-08-03T08:32:29.5765736Z   LD_LIBRARY_PATH: /opt/hostedtoolcache/Python/3.9.17/x64/lib
2023-08-03T08:32:29.5766041Z   VERSION: 0.0.1
2023-08-03T08:32:29.5766275Z ##[endgroup]
2023-08-03T08:32:29.5863483Z . src/.venv/bin/activate \
2023-08-03T08:32:29.5864225Z && pytest -v
2023-08-03T08:32:29.8086353Z ============================= test session starts ==============================
2023-08-03T08:32:29.8087485Z platform linux -- Python 3.9.17, pytest-6.2.2, py-1.11.0, pluggy-0.13.1 -- /home/runner/work/github-action-ci-cd/github-action-ci-cd/src/.venv/bin/python3
2023-08-03T08:32:29.8088121Z cachedir: .pytest_cache
2023-08-03T08:32:29.8095950Z rootdir: /home/runner/work/github-action-ci-cd/github-action-ci-cd
2023-08-03T08:32:30.0102252Z collecting ... collected 4 items
2023-08-03T08:32:30.0102707Z 
2023-08-03T08:32:30.9192287Z src/app/tests/test_api.py::test_api_monitor PASSED                       [ 25%]
2023-08-03T08:32:30.9289013Z src/app/tests/test_views.py::test_home PASSED                            [ 50%]
2023-08-03T08:32:30.9308586Z src/app/tests/test_views.py::test_page_content PASSED                    [ 75%]
2023-08-03T08:32:32.0708136Z src/app/tests/test_views.py::test_info PASSED                            [100%]
2023-08-03T08:32:32.0708424Z 
2023-08-03T08:32:32.0708582Z =============================== warnings summary ===============================
2023-08-03T08:32:32.0708932Z src/app/tests/test_api.py::test_api_monitor
2023-08-03T08:32:32.0711249Z src/app/tests/test_views.py::test_home
2023-08-03T08:32:32.0711825Z src/app/tests/test_views.py::test_page_content
2023-08-03T08:32:32.0712345Z src/app/tests/test_views.py::test_info
2023-08-03T08:32:32.0714257Z   /home/runner/work/github-action-ci-cd/github-action-ci-cd/src/.venv/lib/python3.9/site-packages/flask/testing.py:71: DeprecationWarning: 'werkzeug.urls.url_parse' is deprecated and will be removed in Werkzeug 3.0. Use 'urllib.parse.urlsplit' instead.
2023-08-03T08:32:32.0759302Z     url = url_parse(path)
2023-08-03T08:32:32.0761603Z 
2023-08-03T08:32:32.0763838Z src/app/tests/test_api.py::test_api_monitor
2023-08-03T08:32:32.0766229Z src/app/tests/test_views.py::test_home
2023-08-03T08:32:32.0768622Z src/app/tests/test_views.py::test_page_content
2023-08-03T08:32:32.0771005Z src/app/tests/test_views.py::test_info
2023-08-03T08:32:32.0774071Z   /home/runner/work/github-action-ci-cd/github-action-ci-cd/src/.venv/lib/python3.9/site-packages/werkzeug/urls.py:545: DeprecationWarning: 'werkzeug.urls.URL' is deprecated and will be removed in Werkzeug 3.0. Use the 'urllib.parse' library instead.
2023-08-03T08:32:32.0776852Z     return result_type(scheme, netloc, url, query, fragment)
2023-08-03T08:32:32.0779101Z 
2023-08-03T08:32:32.0781674Z -- Docs: https://docs.pytest.org/en/stable/warnings.html
2023-08-03T08:32:32.0784115Z ======================== 4 passed, 8 warnings in 2.26s =========================
2023-08-03T08:32:32.1239619Z ##[group]Run mr-smithers-excellent/docker-build-push@v6
2023-08-03T08:32:32.1239947Z with:
2023-08-03T08:32:32.1240433Z   image: ***
2023-08-03T08:32:32.1240661Z   tags: $VERSION
2023-08-03T08:32:32.1240892Z   registry: docker.io
2023-08-03T08:32:32.1241155Z   username: ***
2023-08-03T08:32:32.1241412Z   password: ***
2023-08-03T08:32:32.1241663Z   dockerfile: Dockerfile
2023-08-03T08:32:32.1241925Z   addLatest: false
2023-08-03T08:32:32.1242171Z   addTimestamp: false
2023-08-03T08:32:32.1242429Z   enableBuildKit: false
2023-08-03T08:32:32.1242684Z   multiPlatform: false
2023-08-03T08:32:32.1242942Z   overrideDriver: false
2023-08-03T08:32:32.1243184Z   pushImage: true
2023-08-03T08:32:32.1243400Z env:
2023-08-03T08:32:32.1243644Z   REGISTRY_USER: ***
2023-08-03T08:32:32.1243909Z   REGISTRY_PASS: ***
2023-08-03T08:32:32.1244185Z   IMAGE_NAME: ***
2023-08-03T08:32:32.1244482Z   pythonLocation: /opt/hostedtoolcache/Python/3.9.17/x64
2023-08-03T08:32:32.1244917Z   LD_LIBRARY_PATH: /opt/hostedtoolcache/Python/3.9.17/x64/lib
2023-08-03T08:32:32.1245271Z   VERSION: 0.0.1
2023-08-03T08:32:32.1245498Z ##[endgroup]
2023-08-03T08:32:32.2026220Z Docker image name used for this build: docker.io/***
2023-08-03T08:32:32.2028142Z Logging into Docker registry docker.io...
2023-08-03T08:32:32.8284902Z WARNING! Your password will be stored unencrypted in /home/runner/.docker/config.json.
2023-08-03T08:32:32.8285455Z Configure a credential helper to remove this warning. See
2023-08-03T08:32:32.8286317Z https://docs.docker.com/engine/reference/commandline/login/#credentials-store
2023-08-03T08:32:32.8286634Z 
2023-08-03T08:32:32.8287101Z Building Docker image docker.io/*** with tags $VERSION...
2023-08-03T08:32:32.8287757Z BuildCommand docker build -f Dockerfile -t docker.io/***:$VERSION .
2023-08-03T08:32:33.2978873Z #0 building with "default" instance using docker driver
2023-08-03T08:32:33.2980277Z 
2023-08-03T08:32:33.2981272Z #1 [internal] load .dockerignore
2023-08-03T08:32:33.2982399Z #1 transferring context: 2B done
2023-08-03T08:32:33.2982726Z #1 DONE 0.0s
2023-08-03T08:32:33.2982902Z 
2023-08-03T08:32:33.2983093Z #2 [internal] load build definition from Dockerfile
2023-08-03T08:32:33.2983486Z #2 transferring dockerfile: 437B done
2023-08-03T08:32:33.2983783Z #2 DONE 0.0s
2023-08-03T08:32:33.2983943Z 
2023-08-03T08:32:33.2984501Z #3 [internal] load metadata for docker.io/library/python:3.9-slim-buster
2023-08-03T08:32:33.4483199Z #3 ...
2023-08-03T08:32:33.4483442Z 
2023-08-03T08:32:33.4484014Z #4 [auth] library/python:pull token for registry-1.docker.io
2023-08-03T08:32:33.4484364Z #4 DONE 0.0s
2023-08-03T08:32:33.5991203Z 
2023-08-03T08:32:33.5992142Z #3 [internal] load metadata for docker.io/library/python:3.9-slim-buster
2023-08-03T08:32:34.1670822Z #3 DONE 0.8s
2023-08-03T08:32:34.1671229Z 
2023-08-03T08:32:34.1671513Z #5 [internal] load build context
2023-08-03T08:32:34.1671902Z #5 transferring context: 224.66kB 0.0s done
2023-08-03T08:32:34.1672252Z #5 DONE 0.0s
2023-08-03T08:32:34.1672464Z 
2023-08-03T08:32:34.1673240Z #6 [1/6] FROM docker.io/library/python:3.9-slim-buster@sha256:320a7a4250aba4249f458872adecf92eea88dc6abd2d76dc5c0f01cac9b53990
2023-08-03T08:32:34.1674133Z #6 resolve docker.io/library/python:3.9-slim-buster@sha256:320a7a4250aba4249f458872adecf92eea88dc6abd2d76dc5c0f01cac9b53990 done
2023-08-03T08:32:34.1674779Z #6 sha256:c84dbfe3b8deeb39e17d121220107f8354a9083b468a320a77708cd128f11c87 6.82kB / 6.82kB done
2023-08-03T08:32:34.1675332Z #6 sha256:8b91b88d557765cd8c6802668755a3f6dc4337b6ce15a17e4857139e5fc964f3 0B / 27.14MB 0.1s
2023-08-03T08:32:34.1675856Z #6 sha256:824416e234237961c9c5d4f41dfe5b295a3c35a671ee52889bfb08d8e257ec4c 0B / 2.78MB 0.1s
2023-08-03T08:32:34.1676395Z #6 sha256:8d53da26040835f622504d7762fad14d226ac414efeb5363f5febebc89ff224d 0B / 11.04MB 0.1s
2023-08-03T08:32:34.1676956Z #6 sha256:320a7a4250aba4249f458872adecf92eea88dc6abd2d76dc5c0f01cac9b53990 988B / 988B done
2023-08-03T08:32:34.1677904Z #6 sha256:d5cca64dca485c37ccf06721e36a93bf4331b0404bfd3ef2c7873867965359b7 1.37kB / 1.37kB done
2023-08-03T08:32:34.2747043Z #6 sha256:8b91b88d557765cd8c6802668755a3f6dc4337b6ce15a17e4857139e5fc964f3 3.15MB / 27.14MB 0.2s
2023-08-03T08:32:34.2749999Z #6 sha256:824416e234237961c9c5d4f41dfe5b295a3c35a671ee52889bfb08d8e257ec4c 2.78MB / 2.78MB 0.1s done
2023-08-03T08:32:34.2751005Z #6 sha256:8d53da26040835f622504d7762fad14d226ac414efeb5363f5febebc89ff224d 9.44MB / 11.04MB 0.2s
2023-08-03T08:32:34.2751548Z #6 sha256:84c8c79126f669beec1dcf6f34cd88094471745570c19c29b465dfa7db1fdabd 0B / 243B 0.2s
2023-08-03T08:32:34.4257024Z #6 sha256:8b91b88d557765cd8c6802668755a3f6dc4337b6ce15a17e4857139e5fc964f3 25.17MB / 27.14MB 0.3s
2023-08-03T08:32:34.4260723Z #6 sha256:8d53da26040835f622504d7762fad14d226ac414efeb5363f5febebc89ff224d 11.04MB / 11.04MB 0.2s done
2023-08-03T08:32:34.4264117Z #6 sha256:84c8c79126f669beec1dcf6f34cd88094471745570c19c29b465dfa7db1fdabd 243B / 243B 0.2s done
2023-08-03T08:32:34.4267338Z #6 sha256:2e1c130fa3ec1777a82123374b4c500623959f903c1dd731ee4a83e1f1b38ff2 0B / 3.14MB 0.3s
2023-08-03T08:32:34.5704760Z #6 sha256:8b91b88d557765cd8c6802668755a3f6dc4337b6ce15a17e4857139e5fc964f3 27.14MB / 27.14MB 0.3s done
2023-08-03T08:32:34.5708755Z #6 sha256:2e1c130fa3ec1777a82123374b4c500623959f903c1dd731ee4a83e1f1b38ff2 3.14MB / 3.14MB 0.3s done
2023-08-03T08:32:34.5712059Z #6 extracting sha256:8b91b88d557765cd8c6802668755a3f6dc4337b6ce15a17e4857139e5fc964f3 0.1s
2023-08-03T08:32:35.3506666Z #6 extracting sha256:8b91b88d557765cd8c6802668755a3f6dc4337b6ce15a17e4857139e5fc964f3 0.9s done
2023-08-03T08:32:35.4753059Z #6 extracting sha256:824416e234237961c9c5d4f41dfe5b295a3c35a671ee52889bfb08d8e257ec4c 0.1s
2023-08-03T08:32:35.6258350Z #6 extracting sha256:824416e234237961c9c5d4f41dfe5b295a3c35a671ee52889bfb08d8e257ec4c 0.2s done
2023-08-03T08:32:37.2432341Z #6 extracting sha256:8d53da26040835f622504d7762fad14d226ac414efeb5363f5febebc89ff224d
2023-08-03T08:32:37.7704314Z #6 extracting sha256:8d53da26040835f622504d7762fad14d226ac414efeb5363f5febebc89ff224d 0.4s done
2023-08-03T08:32:37.7704986Z #6 extracting sha256:84c8c79126f669beec1dcf6f34cd88094471745570c19c29b465dfa7db1fdabd
2023-08-03T08:32:37.9206854Z #6 extracting sha256:84c8c79126f669beec1dcf6f34cd88094471745570c19c29b465dfa7db1fdabd done
2023-08-03T08:32:37.9207432Z #6 extracting sha256:2e1c130fa3ec1777a82123374b4c500623959f903c1dd731ee4a83e1f1b38ff2
2023-08-03T08:32:38.1481614Z #6 extracting sha256:2e1c130fa3ec1777a82123374b4c500623959f903c1dd731ee4a83e1f1b38ff2 0.2s done
2023-08-03T08:32:38.1482034Z #6 DONE 4.1s
2023-08-03T08:32:38.2988872Z 
2023-08-03T08:32:38.2989287Z #7 [2/6] WORKDIR /app
2023-08-03T08:32:38.2989588Z #7 DONE 0.0s
2023-08-03T08:32:38.2989737Z 
2023-08-03T08:32:38.2989884Z #8 [3/6] COPY src/requirements.txt .
2023-08-03T08:32:38.2990136Z #8 DONE 0.0s
2023-08-03T08:32:38.2990275Z 
2023-08-03T08:32:38.2990749Z #9 [4/6] RUN pip install --no-cache-dir -r requirements.txt
2023-08-03T08:32:40.2302242Z #9 2.007 Collecting Flask==2.1.0
2023-08-03T08:32:40.2303064Z #9 2.055   Downloading Flask-2.1.0-py3-none-any.whl (95 kB)
2023-08-03T08:32:40.3811561Z #9 2.073      ━━━━━━━━━━━━━━━━━━━━━━━━━━━━━━━━━━━━━━━━ 95.2/95.2 kB 6.1 MB/s eta 0:00:00
2023-08-03T08:32:40.3812075Z #9 2.111 Collecting py-cpuinfo==7.0.0
2023-08-03T08:32:40.3812506Z #9 2.122   Downloading py-cpuinfo-7.0.0.tar.gz (95 kB)
2023-08-03T08:32:40.3813023Z #9 2.126      ━━━━━━━━━━━━━━━━━━━━━━━━━━━━━━━━━━━━━━━ 95.9/95.9 kB 103.5 MB/s eta 0:00:00
2023-08-03T08:32:40.3813374Z #9 2.147   Preparing metadata (setup.py): started
2023-08-03T08:32:40.6599917Z #9 2.484   Preparing metadata (setup.py): finished with status 'done'
2023-08-03T08:32:40.9192646Z #9 2.674 Collecting psutil==5.8.0
2023-08-03T08:32:40.9193502Z #9 2.685   Downloading psutil-5.8.0-cp39-cp39-manylinux2010_x86_64.whl (293 kB)
2023-08-03T08:32:40.9194184Z #9 2.695      ━━━━━━━━━━━━━━━━━━━━━━━━━━━━━━━━━━━━━━ 293.5/293.5 kB 40.6 MB/s eta 0:00:00
2023-08-03T08:32:40.9194571Z #9 2.732 Collecting gunicorn==20.1.0
2023-08-03T08:32:40.9195087Z #9 2.743   Downloading gunicorn-20.1.0-py3-none-any.whl (79 kB)
2023-08-03T08:32:41.0704623Z #9 2.747      ━━━━━━━━━━━━━━━━━━━━━━━━━━━━━━━━━━━━━━━ 79.5/79.5 kB 218.0 MB/s eta 0:00:00
2023-08-03T08:32:41.0705266Z #9 2.817 Collecting black==20.8b1
2023-08-03T08:32:41.0705785Z #9 2.828   Downloading black-20.8b1.tar.gz (1.1 MB)
2023-08-03T08:32:41.0706361Z #9 2.841      ━━━━━━━━━━━━━━━━━━━━━━━━━━━━━━━━━━━━━━━━ 1.1/1.1 MB 111.7 MB/s eta 0:00:00
2023-08-03T08:32:41.2202077Z #9 2.944   Installing build dependencies: started
2023-08-03T08:32:43.3277570Z #9 5.089   Installing build dependencies: finished with status 'done'
2023-08-03T08:32:43.3278088Z #9 5.092   Getting requirements to build wheel: started
2023-08-03T08:32:43.4439750Z #9 5.268   Getting requirements to build wheel: finished with status 'done'
2023-08-03T08:32:43.5944723Z #9 5.274   Preparing metadata (pyproject.toml): started
2023-08-03T08:32:43.7453778Z #9 5.515   Preparing metadata (pyproject.toml): finished with status 'done'
2023-08-03T08:32:43.8607358Z #9 5.574 Collecting flake8==3.9.0
2023-08-03T08:32:43.8608218Z #9 5.585   Downloading flake8-3.9.0-py2.py3-none-any.whl (73 kB)
2023-08-03T08:32:43.8608869Z #9 5.589      ━━━━━━━━━━━━━━━━━━━━━━━━━━━━━━━━━━━━━━━ 73.1/73.1 kB 174.7 MB/s eta 0:00:00
2023-08-03T08:32:43.8609342Z #9 5.685 Collecting pytest==6.2.2
2023-08-03T08:32:43.9710511Z #9 5.696   Downloading pytest-6.2.2-py3-none-any.whl (280 kB)
2023-08-03T08:32:43.9711227Z #9 5.700      ━━━━━━━━━━━━━━━━━━━━━━━━━━━━━━━━━━━━━ 280.1/280.1 kB 247.3 MB/s eta 0:00:00
2023-08-03T08:32:43.9711612Z #9 5.734 Collecting itsdangerous>=2.0
2023-08-03T08:32:43.9712153Z #9 5.746   Downloading itsdangerous-2.1.2-py3-none-any.whl (15 kB)
2023-08-03T08:32:43.9712556Z #9 5.784 Collecting click>=8.0
2023-08-03T08:32:43.9713036Z #9 5.795   Downloading click-8.1.6-py3-none-any.whl (97 kB)
2023-08-03T08:32:44.0718104Z #9 5.798      ━━━━━━━━━━━━━━━━━━━━━━━━━━━━━━━━━━━━━━━ 97.9/97.9 kB 227.2 MB/s eta 0:00:00
2023-08-03T08:32:44.0718603Z #9 5.884 Collecting importlib-metadata
2023-08-03T08:32:44.0719156Z #9 5.896   Downloading importlib_metadata-6.8.0-py3-none-any.whl (22 kB)
2023-08-03T08:32:44.1826073Z #9 5.929 Collecting Jinja2>=3.0
2023-08-03T08:32:44.1826866Z #9 5.940   Downloading Jinja2-3.1.2-py3-none-any.whl (133 kB)
2023-08-03T08:32:44.1827721Z #9 5.944      ━━━━━━━━━━━━━━━━━━━━━━━━━━━━━━━━━━━━━ 133.1/133.1 kB 233.6 MB/s eta 0:00:00
2023-08-03T08:32:44.1828178Z #9 5.995 Collecting Werkzeug>=2.0
2023-08-03T08:32:44.1828886Z #9 6.007   Downloading Werkzeug-2.3.6-py3-none-any.whl (242 kB)
2023-08-03T08:32:44.2880759Z #9 6.010      ━━━━━━━━━━━━━━━━━━━━━━━━━━━━━━━━━━━━━ 242.5/242.5 kB 248.1 MB/s eta 0:00:00
2023-08-03T08:32:44.2881747Z #9 6.035 Requirement already satisfied: setuptools>=3.0 in /usr/local/lib/python3.9/site-packages (from gunicorn==20.1.0->-r requirements.txt (line 4)) (58.1.0)
2023-08-03T08:32:44.2882529Z #9 6.069 Collecting toml>=0.10.1
2023-08-03T08:32:44.2883129Z #9 6.080   Downloading toml-0.10.2-py2.py3-none-any.whl (16 kB)
2023-08-03T08:32:44.2883740Z #9 6.112 Collecting typing-extensions>=3.7.4
2023-08-03T08:32:44.4347783Z #9 6.123   Downloading typing_extensions-4.7.1-py3-none-any.whl (33 kB)
2023-08-03T08:32:44.4348643Z #9 6.142 Collecting mypy-extensions>=0.4.3
2023-08-03T08:32:44.4349350Z #9 6.153   Downloading mypy_extensions-1.0.0-py3-none-any.whl (4.7 kB)
2023-08-03T08:32:44.4349930Z #9 6.259 Collecting typed-ast>=1.4.0
2023-08-03T08:32:44.5849569Z #9 6.270   Downloading typed_ast-1.5.5-cp39-cp39-manylinux_2_17_x86_64.manylinux2014_x86_64.whl (823 kB)
2023-08-03T08:32:44.5850988Z #9 6.277      ━━━━━━━━━━━━━━━━━━━━━━━━━━━━━━━━━━━━━ 823.4/823.4 kB 242.1 MB/s eta 0:00:00
2023-08-03T08:32:45.3150744Z #9 7.139 Collecting regex>=2020.1.8
2023-08-03T08:32:45.4467966Z #9 7.151   Downloading regex-2023.6.3-cp39-cp39-manylinux_2_17_x86_64.manylinux2014_x86_64.whl (769 kB)
2023-08-03T08:32:45.4469226Z #9 7.157      ━━━━━━━━━━━━━━━━━━━━━━━━━━━━━━━━━━━━━ 769.9/769.9 kB 240.0 MB/s eta 0:00:00
2023-08-03T08:32:45.4469729Z #9 7.185 Collecting pathspec<1,>=0.6
2023-08-03T08:32:45.4470709Z #9 7.196   Downloading pathspec-0.11.2-py3-none-any.whl (29 kB)
2023-08-03T08:32:45.4471225Z #9 7.220 Collecting appdirs
2023-08-03T08:32:45.4471919Z #9 7.231   Downloading appdirs-1.4.4-py2.py3-none-any.whl (9.6 kB)
2023-08-03T08:32:45.4482422Z #9 7.271 Collecting pyflakes<2.4.0,>=2.3.0
2023-08-03T08:32:45.5798789Z #9 7.283   Downloading pyflakes-2.3.1-py2.py3-none-any.whl (68 kB)
2023-08-03T08:32:45.5799619Z #9 7.286      ━━━━━━━━━━━━━━━━━━━━━━━━━━━━━━━━━━━━━━━ 68.8/68.8 kB 194.6 MB/s eta 0:00:00
2023-08-03T08:32:45.5800105Z #9 7.313 Collecting pycodestyle<2.8.0,>=2.7.0
2023-08-03T08:32:45.5801035Z #9 7.324   Downloading pycodestyle-2.7.0-py2.py3-none-any.whl (41 kB)
2023-08-03T08:32:45.5801952Z #9 7.327      ━━━━━━━━━━━━━━━━━━━━━━━━━━━━━━━━━━━━━━━ 41.7/41.7 kB 164.6 MB/s eta 0:00:00
2023-08-03T08:32:45.5802506Z #9 7.349 Collecting mccabe<0.7.0,>=0.6.0
2023-08-03T08:32:45.5803224Z #9 7.360   Downloading mccabe-0.6.1-py2.py3-none-any.whl (8.6 kB)
2023-08-03T08:32:45.5803810Z #9 7.404 Collecting pluggy<1.0.0a1,>=0.12
2023-08-03T08:32:45.6805995Z #9 7.465   Downloading pluggy-0.13.1-py2.py3-none-any.whl (18 kB)
2023-08-03T08:32:45.6806564Z #9 7.505 Collecting packaging
2023-08-03T08:32:45.8063421Z #9 7.516   Downloading packaging-23.1-py3-none-any.whl (48 kB)
2023-08-03T08:32:45.8064177Z #9 7.519      ━━━━━━━━━━━━━━━━━━━━━━━━━━━━━━━━━━━━━━━ 48.9/48.9 kB 175.7 MB/s eta 0:00:00
2023-08-03T08:32:45.8064801Z #9 7.538 Collecting iniconfig
2023-08-03T08:32:45.8065391Z #9 7.549   Downloading iniconfig-2.0.0-py3-none-any.whl (5.9 kB)
2023-08-03T08:32:45.8065885Z #9 7.583 Collecting py>=1.8.2
2023-08-03T08:32:45.8066453Z #9 7.595   Downloading py-1.11.0-py2.py3-none-any.whl (98 kB)
2023-08-03T08:32:45.8067489Z #9 7.598      ━━━━━━━━━━━━━━━━━━━━━━━━━━━━━━━━━━━━━━━ 98.7/98.7 kB 217.5 MB/s eta 0:00:00
2023-08-03T08:32:45.8067934Z #9 7.631 Collecting attrs>=19.2.0
2023-08-03T08:32:45.9516864Z #9 7.643   Downloading attrs-23.1.0-py3-none-any.whl (61 kB)
2023-08-03T08:32:45.9520910Z #9 7.646      ━━━━━━━━━━━━━━━━━━━━━━━━━━━━━━━━━━━━━━━ 61.2/61.2 kB 201.8 MB/s eta 0:00:00
2023-08-03T08:32:45.9522172Z #9 7.776 Collecting MarkupSafe>=2.0
2023-08-03T08:32:46.0965900Z #9 7.788   Downloading MarkupSafe-2.1.3-cp39-cp39-manylinux_2_17_x86_64.manylinux2014_x86_64.whl (25 kB)
2023-08-03T08:32:46.1068562Z #9 7.921 Collecting zipp>=0.5
2023-08-03T08:32:46.2466631Z #9 7.932   Downloading zipp-3.16.2-py3-none-any.whl (7.2 kB)
2023-08-03T08:32:46.2467789Z #9 8.008 Building wheels for collected packages: py-cpuinfo, black
2023-08-03T08:32:46.2468908Z #9 8.009   Building wheel for py-cpuinfo (setup.py): started
2023-08-03T08:32:46.5161542Z #9 8.341   Building wheel for py-cpuinfo (setup.py): finished with status 'done'
2023-08-03T08:32:46.6662571Z #9 8.342   Created wheel for py-cpuinfo: filename=py_cpuinfo-7.0.0-py3-none-any.whl size=20082 sha256=9ae45657d6825597394e8be06e0520ccfb4c22fd564b38f870d0a367fe58061b
2023-08-03T08:32:46.6663952Z #9 8.343   Stored in directory: /tmp/pip-ephem-wheel-cache-phtev31i/wheels/7f/2c/24/85d73581e5927be15689598ed1f02fe2a40cc66314232507c4
2023-08-03T08:32:46.6667366Z #9 8.347   Building wheel for black (pyproject.toml): started
2023-08-03T08:32:46.8159564Z #9 8.640   Building wheel for black (pyproject.toml): finished with status 'done'
2023-08-03T08:32:46.9666142Z #9 8.643   Created wheel for black: filename=black-20.8b1-py3-none-any.whl size=124175 sha256=638de0dd001d304b6cc315fe14c45f7f5f5198b990377bf2d66620e77894cfd0
2023-08-03T08:32:46.9667181Z #9 8.643   Stored in directory: /tmp/pip-ephem-wheel-cache-phtev31i/wheels/4e/57/9a/e704bdd859ee892dc46fff03fd499422dc9e99fd9bd5c446d3
2023-08-03T08:32:46.9667839Z #9 8.649 Successfully built py-cpuinfo black
2023-08-03T08:32:47.1173836Z #9 8.830 Installing collected packages: py-cpuinfo, mccabe, appdirs, zipp, typing-extensions, typed-ast, toml, regex, pyflakes, pycodestyle, py, psutil, pluggy, pathspec, packaging, mypy-extensions, MarkupSafe, itsdangerous, iniconfig, gunicorn, click, attrs, Werkzeug, pytest, Jinja2, importlib-metadata, flake8, black, Flask
2023-08-03T08:32:48.5937209Z #9 10.31 Successfully installed Flask-2.1.0 Jinja2-3.1.2 MarkupSafe-2.1.3 Werkzeug-2.3.6 appdirs-1.4.4 attrs-23.1.0 black-20.8b1 click-8.1.6 flake8-3.9.0 gunicorn-20.1.0 importlib-metadata-6.8.0 iniconfig-2.0.0 itsdangerous-2.1.2 mccabe-0.6.1 mypy-extensions-1.0.0 packaging-23.1 pathspec-0.11.2 pluggy-0.13.1 psutil-5.8.0 py-1.11.0 py-cpuinfo-7.0.0 pycodestyle-2.7.0 pyflakes-2.3.1 pytest-6.2.2 regex-2023.6.3 toml-0.10.2 typed-ast-1.5.5 typing-extensions-4.7.1 zipp-3.16.2
2023-08-03T08:32:48.5939649Z #9 10.31 WARNING: Running pip as the 'root' user can result in broken permissions and conflicting behaviour with the system package manager. It is recommended to use a virtual environment instead: https://pip.pypa.io/warnings/venv
2023-08-03T08:32:48.5940481Z #9 10.42 
2023-08-03T08:32:48.5941523Z #9 10.42 [notice] A new release of pip is available: 23.0.1 -> 23.2.1
2023-08-03T08:32:48.5944609Z #9 10.42 [notice] To update, run: pip install --upgrade pip
2023-08-03T08:32:48.8714893Z #9 DONE 10.7s
2023-08-03T08:32:49.0208253Z 
2023-08-03T08:32:49.0209154Z #10 [5/6] COPY src/run.py .
2023-08-03T08:32:49.0209464Z #10 DONE 0.0s
2023-08-03T08:32:49.0209611Z 
2023-08-03T08:32:49.0209766Z #11 [6/6] COPY src/app ./app
2023-08-03T08:32:49.0210007Z #11 DONE 0.0s
2023-08-03T08:32:49.0210145Z 
2023-08-03T08:32:49.0210251Z #12 exporting to image
2023-08-03T08:32:49.0210506Z #12 exporting layers
2023-08-03T08:32:49.8857598Z #12 exporting layers 0.9s done
2023-08-03T08:32:49.8921726Z #12 writing image sha256:d6676d5ebd1c10d6998102433337d4bd865e1c3b5cbd5978ece7f09a8297be77 done
2023-08-03T08:32:49.8922624Z #12 naming to docker.io/***:0.0.1 done
2023-08-03T08:32:49.8922889Z #12 DONE 0.9s
2023-08-03T08:32:49.8961253Z Pushing tags $VERSION for Docker image docker.io/***...
2023-08-03T08:32:49.9199919Z The push refers to repository [docker.io/***]
2023-08-03T08:32:50.0725383Z 9e0201d45787: Preparing
2023-08-03T08:32:50.0725766Z ceb6367ade09: Preparing
2023-08-03T08:32:50.0726068Z 5f85c8ef1ce6: Preparing
2023-08-03T08:32:50.0726358Z 6e4af7672bbc: Preparing
2023-08-03T08:32:50.0726736Z 3247104fb2da: Preparing
2023-08-03T08:32:50.0727017Z 067ea27560c1: Preparing
2023-08-03T08:32:50.0727298Z 7fb1037e08b3: Preparing
2023-08-03T08:32:50.0727605Z 14cbeede8d6e: Preparing
2023-08-03T08:32:50.0727894Z ae2d55769c5e: Preparing
2023-08-03T08:32:50.0728164Z e2ef8a51359d: Preparing
2023-08-03T08:32:50.0728437Z 067ea27560c1: Waiting
2023-08-03T08:32:50.0728710Z 7fb1037e08b3: Waiting
2023-08-03T08:32:50.0728984Z 14cbeede8d6e: Waiting
2023-08-03T08:32:50.0729257Z ae2d55769c5e: Waiting
2023-08-03T08:32:50.0729525Z e2ef8a51359d: Waiting
2023-08-03T08:32:51.6827741Z 6e4af7672bbc: Pushed
2023-08-03T08:32:51.6878299Z ceb6367ade09: Pushed
2023-08-03T08:32:51.7742979Z 3247104fb2da: Pushed
2023-08-03T08:32:51.8532908Z 9e0201d45787: Pushed
2023-08-03T08:32:52.5969548Z 7fb1037e08b3: Mounted from library/python
2023-08-03T08:32:52.6171916Z 067ea27560c1: Mounted from library/python
2023-08-03T08:32:52.8119750Z 14cbeede8d6e: Mounted from library/python
2023-08-03T08:32:53.1052648Z ae2d55769c5e: Mounted from library/python
2023-08-03T08:32:53.2814143Z e2ef8a51359d: Mounted from library/python
2023-08-03T08:32:53.6373889Z 5f85c8ef1ce6: Pushed
2023-08-03T08:32:56.1347685Z 0.0.1: digest: sha256:54b0d34c9f9897e8ed52e0edbd379ebb6f59bd6254fa1ae717736004a7d69534 size: 2410
2023-08-03T08:32:56.1507873Z ##[group]Run echo "***" | docker login -u "***" --password-stdin
2023-08-03T08:32:56.1508369Z [36;1mecho "***" | docker login -u "***" --password-stdin[0m
2023-08-03T08:32:56.1508725Z [36;1mdocker ps -aq | xargs docker stop || true[0m
2023-08-03T08:32:56.1509061Z [36;1mdocker ps -aq | xargs docker rm || true[0m
2023-08-03T08:32:56.1509446Z [36;1mdocker run -d -p 5000:5000 "***:$VERSION"[0m
2023-08-03T08:32:56.1509729Z [36;1mdocker ps [0m
2023-08-03T08:32:56.1561674Z shell: /usr/bin/bash -e {0}
2023-08-03T08:32:56.1561934Z env:
2023-08-03T08:32:56.1562223Z   REGISTRY_USER: ***
2023-08-03T08:32:56.1562501Z   REGISTRY_PASS: ***
2023-08-03T08:32:56.1562792Z   IMAGE_NAME: ***
2023-08-03T08:32:56.1563114Z   pythonLocation: /opt/hostedtoolcache/Python/3.9.17/x64
2023-08-03T08:32:56.1563500Z   LD_LIBRARY_PATH: /opt/hostedtoolcache/Python/3.9.17/x64/lib
2023-08-03T08:32:56.1563808Z   VERSION: 0.0.1
2023-08-03T08:32:56.1564041Z ##[endgroup]
2023-08-03T08:32:56.6040433Z WARNING! Your password will be stored unencrypted in /home/runner/.docker/config.json.
2023-08-03T08:32:56.6041163Z Configure a credential helper to remove this warning. See
2023-08-03T08:32:56.6042093Z https://docs.docker.com/engine/reference/commandline/login/#credentials-store
2023-08-03T08:32:56.6042486Z 
2023-08-03T08:32:56.6056093Z Login Succeeded
2023-08-03T08:32:56.6364886Z "docker stop" requires at least 1 argument.
2023-08-03T08:32:56.6365615Z See 'docker stop --help'.
2023-08-03T08:32:56.6365866Z 
2023-08-03T08:32:56.6366191Z Usage:  docker stop [OPTIONS] CONTAINER [CONTAINER...]
2023-08-03T08:32:56.6366408Z 
2023-08-03T08:32:56.6366543Z Stop one or more running containers
2023-08-03T08:32:56.6658318Z "docker rm" requires at least 1 argument.
2023-08-03T08:32:56.6658987Z See 'docker rm --help'.
2023-08-03T08:32:56.6659230Z 
2023-08-03T08:32:56.6659619Z Usage:  docker rm [OPTIONS] CONTAINER [CONTAINER...]
2023-08-03T08:32:56.6659937Z 
2023-08-03T08:32:56.6661969Z Remove one or more containers
2023-08-03T08:32:56.7069009Z bf15f79976f177a0bf7df4a51b204056d911719ab8607198d2a6473a6833bb34
2023-08-03T08:32:57.0609221Z CONTAINER ID   IMAGE                          COMMAND                  CREATED        STATUS                  PORTS                                       NAMES
2023-08-03T08:32:57.0610606Z bf15f79976f1   ***:0.0.1   "gunicorn -b 0.0.0.0…"   1 second ago   Up Less than a second   0.0.0.0:5000->5000/tcp, :::5000->5000/tcp   laughing_mahavira
2023-08-03T08:32:57.0734852Z Post job cleanup.
2023-08-03T08:32:57.3194133Z Post job cleanup.
2023-08-03T08:32:57.4230130Z [command]/usr/bin/git version
2023-08-03T08:32:57.4279679Z git version 2.41.0
2023-08-03T08:32:57.4336140Z Temporarily overriding HOME='/home/runner/work/_temp/1374e57b-06c8-4df1-b5ac-63c97fe5b6b1' before making global git config changes
2023-08-03T08:32:57.4340160Z Adding repository directory to the temporary git global config as a safe directory
2023-08-03T08:32:57.4348857Z [command]/usr/bin/git config --global --add safe.directory /home/runner/work/github-action-ci-cd/github-action-ci-cd
2023-08-03T08:32:57.4397562Z [command]/usr/bin/git config --local --name-only --get-regexp core\.sshCommand
2023-08-03T08:32:57.4441245Z [command]/usr/bin/git submodule foreach --recursive sh -c "git config --local --name-only --get-regexp 'core\.sshCommand' && git config --local --unset-all 'core.sshCommand' || :"
2023-08-03T08:32:57.4706055Z [command]/usr/bin/git config --local --name-only --get-regexp http\.https\:\/\/github\.com\/\.extraheader
2023-08-03T08:32:57.4734433Z http.https://github.com/.extraheader
2023-08-03T08:32:57.4746857Z [command]/usr/bin/git config --local --unset-all http.https://github.com/.extraheader
2023-08-03T08:32:57.4783778Z [command]/usr/bin/git submodule foreach --recursive sh -c "git config --local --name-only --get-regexp 'http\.https\:\/\/github\.com\/\.extraheader' && git config --local --unset-all 'http.https://github.com/.extraheader' || :"
2023-08-03T08:32:57.5253999Z Cleaning up orphan processes
